// Jest Snapshot v1, https://goo.gl/fbAQLP

exports[`Component displays values 1`] = `
<div>
  ram
</div>
`;
